// Jest Snapshot v1, https://goo.gl/fbAQLP

exports[`LazyImage renders a default state 1`] = `
<div>
  <div
    class="fui-LazyImage"
  >
    Default LazyImage
  </div>
</div>
`;
